[     618ms] [INFO] %cDownload the React DevTools for a better development experience: https://reactjs.org/link/react-devtools font-weight:bold @ webpack-internal:///(app-pages-browser)/./node_modules/next/dist/compiled/react-dom/cjs/react-dom.development.js:38559
[     990ms] [LOG] [Fast Refresh] rebuilding @ webpack-internal:///(app-pages-browser)/./node_modules/next/dist/client/components/react-dev-overlay/app/hot-reloader-client.js:186
[    6691ms] [LOG] [Fast Refresh] rebuilding @ webpack-internal:///(app-pages-browser)/./node_modules/next/dist/client/components/react-dev-overlay/app/hot-reloader-client.js:186
[    7057ms] [LOG] [Fast Refresh] done in 366ms @ webpack-internal:///(app-pages-browser)/./node_modules/next/dist/client/components/react-dev-overlay/app/hot-reloader-client.js:43
[   90651ms] [LOG] [Fast Refresh] done in 83961ms @ webpack-internal:///(app-pages-browser)/./node_modules/next/dist/client/components/react-dev-overlay/app/hot-reloader-client.js:43
[  145684ms] [ERROR] Failed to load resource: the server responded with a status of 500 (Internal Server Error) @ http://localhost:3000/api/auth/session:0
[  145709ms] [ERROR] ClientFetchError: Unexpected token '<', "<!DOCTYPE "... is not valid JSON. Read more at https://errors.authjs.dev#autherror
    at fetchData (webpack-internal:///(app-pages-browser)/./node_modules/next-auth/lib/client.js:49:22)
    at async getSession (webpack-internal:///(app-pages-browser)/./node_modules/next-auth/react.js:121:21)
    at async __NEXTAUTH._getSession (webpack-internal:///(app-pages-browser)/./node_modules/next-auth/react.js:283:43) @ webpack-internal:///(app-pages-browser)/./node_modules/next/dist/client/app-index.js:32
[  146598ms] [ERROR] Failed to load resource: the server responded with a status of 500 (Internal Server Error) @ http://localhost:3000/api/auth/session:0
[  146648ms] [ERROR] ClientFetchError: Unexpected token '<', "<!DOCTYPE "... is not valid JSON. Read more at https://errors.authjs.dev#autherror
    at fetchData (webpack-internal:///(app-pages-browser)/./node_modules/next-auth/lib/client.js:49:22)
    at async getSession (webpack-internal:///(app-pages-browser)/./node_modules/next-auth/react.js:121:21)
    at async __NEXTAUTH._getSession (webpack-internal:///(app-pages-browser)/./node_modules/next-auth/react.js:283:43) @ webpack-internal:///(app-pages-browser)/./node_modules/next/dist/client/app-index.js:32
[  147920ms] [ERROR] Failed to load resource: the server responded with a status of 500 (Internal Server Error) @ http://localhost:3000/api/auth/session:0
[  147999ms] [ERROR] ClientFetchError: Unexpected token '<', "<!DOCTYPE "... is not valid JSON. Read more at https://errors.authjs.dev#autherror
    at fetchData (webpack-internal:///(app-pages-browser)/./node_modules/next-auth/lib/client.js:49:22)
    at async getSession (webpack-internal:///(app-pages-browser)/./node_modules/next-auth/react.js:121:21)
    at async __NEXTAUTH._getSession (webpack-internal:///(app-pages-browser)/./node_modules/next-auth/react.js:283:43) @ webpack-internal:///(app-pages-browser)/./node_modules/next/dist/client/app-index.js:32
[ 1447394ms] [INFO] %cDownload the React DevTools for a better development experience: https://react.dev/link/react-devtools font-weight:bold @ http://localhost:3001/_next/static/chunks/node_modules_next_dist_1e8vcs8._.js:776
[ 1447499ms] [LOG] [HMR] connected @ http://localhost:3001/_next/static/chunks/node_modules_next_dist_1e8vcs8._.js:776
[ 1448178ms] [ERROR] Failed to load resource: the server responded with a status of 401 () @ https://wqxvsddacjynrzkrmzgf.supabase.co/rest/v1/products?select=*&category=eq.Adults&order=created_at.asc:0
[ 1448183ms] [ERROR] {message: Invalid API key, hint: Double check your Supabase `anon` or `service_role` API key.} @ http://localhost:3001/_next/static/chunks/node_modules_next_dist_1e8vcs8._.js:1052
[ 1448223ms] [ERROR] Failed to load resource: the server responded with a status of 401 () @ https://wqxvsddacjynrzkrmzgf.supabase.co/rest/v1/products?select=*&category=eq.Adults&order=created_at.asc:0
[ 1448233ms] [ERROR] {message: Invalid API key, hint: Double check your Supabase `anon` or `service_role` API key.} @ http://localhost:3001/_next/static/chunks/node_modules_next_dist_1e8vcs8._.js:1052
