[     337ms] [INFO] %cDownload the React DevTools for a better development experience: https://react.dev/link/react-devtools font-weight:bold @ http://localhost:3001/_next/static/chunks/node_modules_next_dist_1e8vcs8._.js:776
[     400ms] [LOG] [HMR] connected @ http://localhost:3001/_next/static/chunks/node_modules_next_dist_1e8vcs8._.js:776
[     542ms] [ERROR] Failed to load resource: the server responded with a status of 401 () @ https://wqxvsddacjynrzkrmzgf.supabase.co/rest/v1/products?select=*&category=eq.Adults&order=created_at.asc:0
[     544ms] [ERROR] {message: Invalid API key, hint: Double check your Supabase `anon` or `service_role` API key.} @ http://localhost:3001/_next/static/chunks/node_modules_next_dist_1e8vcs8._.js:1052
[     581ms] [ERROR] Failed to load resource: the server responded with a status of 401 () @ https://wqxvsddacjynrzkrmzgf.supabase.co/rest/v1/products?select=*&category=eq.Adults&order=created_at.asc:0
[     593ms] [ERROR] {message: Invalid API key, hint: Double check your Supabase `anon` or `service_role` API key.} @ http://localhost:3001/_next/static/chunks/node_modules_next_dist_1e8vcs8._.js:1052
[    7366ms] [ERROR] Failed to load resource: the server responded with a status of 401 () @ https://wqxvsddacjynrzkrmzgf.supabase.co/rest/v1/products?select=*&category=eq.Kids&order=created_at.asc:0
[    7367ms] [ERROR] {message: Invalid API key, hint: Double check your Supabase `anon` or `service_role` API key.} @ http://localhost:3001/_next/static/chunks/node_modules_next_dist_1e8vcs8._.js:1052
[    8793ms] [ERROR] Failed to load resource: the server responded with a status of 401 () @ https://wqxvsddacjynrzkrmzgf.supabase.co/rest/v1/products?select=*&category=eq.Adults&order=created_at.asc:0
[    8793ms] [ERROR] {message: Invalid API key, hint: Double check your Supabase `anon` or `service_role` API key.} @ http://localhost:3001/_next/static/chunks/node_modules_next_dist_1e8vcs8._.js:1052
[  106090ms] [LOG] [Fast Refresh] rebuilding @ http://localhost:3001/_next/static/chunks/node_modules_next_dist_1e8vcs8._.js:776
[  106104ms] [WARNING] GoTrueClient@sb-wqxvsddacjynrzkrmzgf-auth-token:1 (2.112.4) 2026-08-30T15:10:44.725Z Multiple GoTrueClient instances detected in the same browser context. It is not an error, but this should be avoided as it may produce undefined behavior when used concurrently under the same storage key. @ http://localhost:3001/_next/static/chunks/node_modules_next_dist_1e8vcs8._.js:776
[  106157ms] [LOG] [Fast Refresh] done in 13ms @ http://localhost:3001/_next/static/chunks/node_modules_next_dist_1e8vcs8._.js:776
[  106193ms] [LOG] [Fast Refresh] done in 13ms @ http://localhost:3001/_next/static/chunks/node_modules_next_dist_1e8vcs8._.js:776
[  106257ms] [LOG] [Fast Refresh] done in 13ms @ http://localhost:3001/_next/static/chunks/node_modules_next_dist_1e8vcs8._.js:776
[  106658ms] [ERROR] Failed to load resource: the server responded with a status of 401 () @ https://wqxvsddacjynrzkrmzgf.supabase.co/rest/v1/products?select=*&category=eq.Adults&order=created_at.asc:0
[  106660ms] [ERROR] {message: Forbidden use of secret API key in browser, hint: Secret API keys can only be used in a protected en… browser. Delete this secret API key immediately!} @ http://localhost:3001/_next/static/chunks/node_modules_next_dist_1e8vcs8._.js:1052
[  106767ms] [LOG] [Fast Refresh] done in 13ms @ http://localhost:3001/_next/static/chunks/node_modules_next_dist_1e8vcs8._.js:776
[  112413ms] [LOG] [Fast Refresh] done in 13ms @ http://localhost:3001/_next/static/chunks/node_modules_next_dist_1e8vcs8._.js:776
[  112668ms] [LOG] [Fast Refresh] done in 13ms @ http://localhost:3001/_next/static/chunks/node_modules_next_dist_1e8vcs8._.js:776
[  137685ms] [LOG] [Fast Refresh] done in 23925ms @ http://localhost:3001/_next/static/chunks/node_modules_next_dist_1e8vcs8._.js:776
[  137723ms] [LOG] [Fast Refresh] done in 23925ms @ http://localhost:3001/_next/static/chunks/node_modules_next_dist_1e8vcs8._.js:776
[  138330ms] [LOG] [Fast Refresh] done in 23925ms @ http://localhost:3001/_next/static/chunks/node_modules_next_dist_1e8vcs8._.js:776
[  145167ms] [ERROR] WebSocket connection to 'ws://localhost:3001/_next/hmr?id=Dh9ZBJpUWaaMyx0zjD45J' failed: Error in connection establishment: net::ERR_CONNECTION_REFUSED @ http://localhost:3001/_next/static/chunks/node_modules_next_dist_client_0_90u2t._.js:16348
[  146790ms] [LOG] [HMR] connected @ http://localhost:3001/_next/static/chunks/node_modules_next_dist_1e8vcs8._.js:776
[  148111ms] [INFO] %cDownload the React DevTools for a better development experience: https://react.dev/link/react-devtools font-weight:bold @ http://localhost:3001/_next/static/chunks/node_modules_next_dist_1e8vcs8._.js:776
[  148435ms] [LOG] [HMR] connected @ http://localhost:3001/_next/static/chunks/node_modules_next_dist_1e8vcs8._.js:776
[  148643ms] [ERROR] Failed to load resource: the server responded with a status of 401 () @ https://wqxvsddacjynrzkrmzgf.supabase.co/rest/v1/products?select=*&category=eq.Adults&order=created_at.asc:0
[  148645ms] [ERROR] {message: Forbidden use of secret API key in browser, hint: Secret API keys can only be used in a protected en… browser. Delete this secret API key immediately!} @ http://localhost:3001/_next/static/chunks/node_modules_next_dist_1e8vcs8._.js:1052
[  148700ms] [ERROR] Failed to load resource: the server responded with a status of 401 () @ https://wqxvsddacjynrzkrmzgf.supabase.co/rest/v1/products?select=*&category=eq.Adults&order=created_at.asc:0
[  148747ms] [ERROR] {message: Forbidden use of secret API key in browser, hint: Secret API keys can only be used in a protected en… browser. Delete this secret API key immediately!} @ http://localhost:3001/_next/static/chunks/node_modules_next_dist_1e8vcs8._.js:1052
[  150692ms] [INFO] %cDownload the React DevTools for a better development experience: https://react.dev/link/react-devtools font-weight:bold @ http://localhost:3001/_next/static/chunks/node_modules_next_dist_1e8vcs8._.js:776
[  150966ms] [LOG] [HMR] connected @ http://localhost:3001/_next/static/chunks/node_modules_next_dist_1e8vcs8._.js:776
[  151087ms] [ERROR] Failed to load resource: the server responded with a status of 401 () @ https://wqxvsddacjynrzkrmzgf.supabase.co/rest/v1/products?select=*&category=eq.Adults&order=created_at.asc:0
[  151089ms] [ERROR] {message: Forbidden use of secret API key in browser, hint: Secret API keys can only be used in a protected en… browser. Delete this secret API key immediately!} @ http://localhost:3001/_next/static/chunks/node_modules_next_dist_1e8vcs8._.js:1052
[  151132ms] [ERROR] Failed to load resource: the server responded with a status of 401 () @ https://wqxvsddacjynrzkrmzgf.supabase.co/rest/v1/products?select=*&category=eq.Adults&order=created_at.asc:0
[  151148ms] [ERROR] {message: Forbidden use of secret API key in browser, hint: Secret API keys can only be used in a protected en… browser. Delete this secret API key immediately!} @ http://localhost:3001/_next/static/chunks/node_modules_next_dist_1e8vcs8._.js:1052
[  228170ms] [LOG] [Fast Refresh] rebuilding @ http://localhost:3001/_next/static/chunks/node_modules_next_dist_1e8vcs8._.js:776
[  228180ms] [WARNING] GoTrueClient@sb-wqxvsddacjynrzkrmzgf-auth-token:1 (2.112.4) 2026-08-30T15:12:46.801Z Multiple GoTrueClient instances detected in the same browser context. It is not an error, but this should be avoided as it may produce undefined behavior when used concurrently under the same storage key. @ http://localhost:3001/_next/static/chunks/node_modules_next_dist_1e8vcs8._.js:776
[  228974ms] [LOG] [Fast Refresh] done in 523ms @ http://localhost:3001/_next/static/chunks/node_modules_next_dist_1e8vcs8._.js:776
[  229055ms] [LOG] [Fast Refresh] done in 523ms @ http://localhost:3001/_next/static/chunks/node_modules_next_dist_1e8vcs8._.js:776
[  229086ms] [LOG] [Fast Refresh] done in 523ms @ http://localhost:3001/_next/static/chunks/node_modules_next_dist_1e8vcs8._.js:776
[  229093ms] [LOG] [Fast Refresh] done in 523ms @ http://localhost:3001/_next/static/chunks/node_modules_next_dist_1e8vcs8._.js:776
[  229132ms] [LOG] [Fast Refresh] done in 523ms @ http://localhost:3001/_next/static/chunks/node_modules_next_dist_1e8vcs8._.js:776
[  229200ms] [ERROR] Failed to load resource: the server responded with a status of 404 () @ https://wqxvsddacjynrzkrmzgf.supabase.co/rest/v1/products?select=*&category=eq.Adults&order=created_at.asc:0
[  229227ms] [ERROR] {code: PGRST205, details: null, hint: null, message: Could not find the table 'public.products' in the schema cache} @ http://localhost:3001/_next/static/chunks/node_modules_next_dist_1e8vcs8._.js:1052
[  229502ms] [LOG] [Fast Refresh] done in 523ms @ http://localhost:3001/_next/static/chunks/node_modules_next_dist_1e8vcs8._.js:776
[  229567ms] [LOG] [Fast Refresh] done in 523ms @ http://localhost:3001/_next/static/chunks/node_modules_next_dist_1e8vcs8._.js:776
[  245208ms] [LOG] [Fast Refresh] done in 523ms @ http://localhost:3001/_next/static/chunks/node_modules_next_dist_1e8vcs8._.js:776
[  245241ms] [LOG] [Fast Refresh] done in 523ms @ http://localhost:3001/_next/static/chunks/node_modules_next_dist_1e8vcs8._.js:776
[  259571ms] [ERROR] WebSocket connection to 'ws://localhost:3001/_next/hmr?id=PdRzmSF1l8e7DKjxR96QV' failed: Error in connection establishment: net::ERR_CONNECTION_REFUSED @ http://localhost:3001/_next/static/chunks/node_modules_next_dist_client_0_90u2t._.js:16348
[  261201ms] [LOG] [HMR] connected @ http://localhost:3001/_next/static/chunks/node_modules_next_dist_1e8vcs8._.js:776
[  263860ms] [INFO] %cDownload the React DevTools for a better development experience: https://react.dev/link/react-devtools font-weight:bold @ http://localhost:3001/_next/static/chunks/node_modules_next_dist_1e8vcs8._.js:776
[  264206ms] [LOG] [HMR] connected @ http://localhost:3001/_next/static/chunks/node_modules_next_dist_1e8vcs8._.js:776
[  265469ms] [ERROR] Failed to load resource: the server responded with a status of 404 () @ https://wqxvsddacjynrzkrmzgf.supabase.co/rest/v1/products?select=*&category=eq.Adults&order=created_at.asc:0
[  265471ms] [ERROR] {code: PGRST205, details: null, hint: null, message: Could not find the table 'public.products' in the schema cache} @ http://localhost:3001/_next/static/chunks/node_modules_next_dist_1e8vcs8._.js:1052
[  265904ms] [ERROR] Failed to load resource: the server responded with a status of 404 () @ https://wqxvsddacjynrzkrmzgf.supabase.co/rest/v1/products?select=*&category=eq.Adults&order=created_at.asc:0
[  265934ms] [ERROR] {code: PGRST205, details: null, hint: null, message: Could not find the table 'public.products' in the schema cache} @ http://localhost:3001/_next/static/chunks/node_modules_next_dist_1e8vcs8._.js:1052
[  281001ms] [LOG] [Fast Refresh] rebuilding @ http://localhost:3001/_next/static/chunks/node_modules_next_dist_1e8vcs8._.js:776
[  281032ms] [WARNING] GoTrueClient@sb-wqxvsddacjynrzkrmzgf-auth-token:1 (2.112.4) 2026-08-30T15:13:39.653Z Multiple GoTrueClient instances detected in the same browser context. It is not an error, but this should be avoided as it may produce undefined behavior when used concurrently under the same storage key. @ http://localhost:3001/_next/static/chunks/node_modules_next_dist_1e8vcs8._.js:776
[  281285ms] [LOG] [Fast Refresh] done in 280ms @ http://localhost:3001/_next/static/chunks/node_modules_next_dist_1e8vcs8._.js:776
[  281333ms] [LOG] [Fast Refresh] done in 280ms @ http://localhost:3001/_next/static/chunks/node_modules_next_dist_1e8vcs8._.js:776
[  281334ms] [LOG] [Fast Refresh] done in 280ms @ http://localhost:3001/_next/static/chunks/node_modules_next_dist_1e8vcs8._.js:776
[  281334ms] [LOG] [Fast Refresh] done in 280ms @ http://localhost:3001/_next/static/chunks/node_modules_next_dist_1e8vcs8._.js:776
[  281366ms] [ERROR] Failed to load resource: the server responded with a status of 401 () @ https://wqxvsddacjynrzkrmzgf.supabase.co/rest/v1/products?select=*&category=eq.Adults&order=created_at.asc:0
[  281410ms] [LOG] [Fast Refresh] done in 280ms @ http://localhost:3001/_next/static/chunks/node_modules_next_dist_1e8vcs8._.js:776
[  281422ms] [ERROR] {message: Invalid API key, hint: Double check your Supabase `anon` or `service_role` API key.} @ http://localhost:3001/_next/static/chunks/node_modules_next_dist_1e8vcs8._.js:1052
[  281532ms] [LOG] [Fast Refresh] done in 280ms @ http://localhost:3001/_next/static/chunks/node_modules_next_dist_1e8vcs8._.js:776
[  288521ms] [LOG] [Fast Refresh] done in 280ms @ http://localhost:3001/_next/static/chunks/node_modules_next_dist_1e8vcs8._.js:776
[  395497ms] [LOG] [Fast Refresh] done in 105401ms @ http://localhost:3001/_next/static/chunks/node_modules_next_dist_1e8vcs8._.js:776
[  395498ms] [LOG] [Fast Refresh] rebuilding @ http://localhost:3001/_next/static/chunks/node_modules_next_dist_1e8vcs8._.js:776
[  395512ms] [WARNING] GoTrueClient@sb-wqxvsddacjynrzkrmzgf-auth-token:2 (2.112.4) 2026-08-30T15:15:34.133Z Multiple GoTrueClient instances detected in the same browser context. It is not an error, but this should be avoided as it may produce undefined behavior when used concurrently under the same storage key. @ http://localhost:3001/_next/static/chunks/node_modules_next_dist_1e8vcs8._.js:776
[  395577ms] [LOG] [Fast Refresh] done in 12ms @ http://localhost:3001/_next/static/chunks/node_modules_next_dist_1e8vcs8._.js:776
[  395680ms] [LOG] [Fast Refresh] done in 12ms @ http://localhost:3001/_next/static/chunks/node_modules_next_dist_1e8vcs8._.js:776
[  395897ms] [ERROR] Failed to load resource: the server responded with a status of 404 () @ https://wqxvsddacjynrzkrmzgf.supabase.co/rest/v1/products?select=*&category=eq.Adults&order=created_at.asc:0
[  395899ms] [ERROR] {code: PGRST205, details: null, hint: null, message: Could not find the table 'public.products' in the schema cache} @ http://localhost:3001/_next/static/chunks/node_modules_next_dist_1e8vcs8._.js:1052
[  396002ms] [LOG] [Fast Refresh] done in 12ms @ http://localhost:3001/_next/static/chunks/node_modules_next_dist_1e8vcs8._.js:776
[  396073ms] [LOG] [Fast Refresh] done in 12ms @ http://localhost:3001/_next/static/chunks/node_modules_next_dist_1e8vcs8._.js:776
[  405630ms] [LOG] [Fast Refresh] done in 10113ms @ http://localhost:3001/_next/static/chunks/node_modules_next_dist_1e8vcs8._.js:776
[  405680ms] [LOG] [Fast Refresh] done in 10113ms @ http://localhost:3001/_next/static/chunks/node_modules_next_dist_1e8vcs8._.js:776
[  405764ms] [LOG] [Fast Refresh] done in 10113ms @ http://localhost:3001/_next/static/chunks/node_modules_next_dist_1e8vcs8._.js:776
[  406478ms] [LOG] [Fast Refresh] done in 201ms @ http://localhost:3001/_next/static/chunks/node_modules_next_dist_1e8vcs8._.js:776
[  406544ms] [LOG] [Fast Refresh] done in 201ms @ http://localhost:3001/_next/static/chunks/node_modules_next_dist_1e8vcs8._.js:776
[  406638ms] [LOG] [Fast Refresh] done in 201ms @ http://localhost:3001/_next/static/chunks/node_modules_next_dist_1e8vcs8._.js:776
[  410734ms] [INFO] %cDownload the React DevTools for a better development experience: https://react.dev/link/react-devtools font-weight:bold @ http://localhost:3001/_next/static/chunks/node_modules_next_dist_1e8vcs8._.js:776
[  411096ms] [LOG] [HMR] connected @ http://localhost:3001/_next/static/chunks/node_modules_next_dist_1e8vcs8._.js:776
[  411418ms] [ERROR] Failed to load resource: the server responded with a status of 404 () @ https://wqxvsddacjynrzkrmzgf.supabase.co/rest/v1/products?select=*&category=eq.Adults&order=created_at.asc:0
[  411420ms] [ERROR] {code: PGRST205, details: null, hint: null, message: Could not find the table 'public.products' in the schema cache} @ http://localhost:3001/_next/static/chunks/node_modules_next_dist_1e8vcs8._.js:1052
[  411589ms] [ERROR] Failed to load resource: the server responded with a status of 404 () @ https://wqxvsddacjynrzkrmzgf.supabase.co/rest/v1/products?select=*&category=eq.Adults&order=created_at.asc:0
[  411609ms] [ERROR] {code: PGRST205, details: null, hint: null, message: Could not find the table 'public.products' in the schema cache} @ http://localhost:3001/_next/static/chunks/node_modules_next_dist_1e8vcs8._.js:1052
[  582660ms] [INFO] %cDownload the React DevTools for a better development experience: https://react.dev/link/react-devtools font-weight:bold @ http://localhost:3001/_next/static/chunks/node_modules_next_dist_1e8vcs8._.js:776
[  582993ms] [LOG] [HMR] connected @ http://localhost:3001/_next/static/chunks/node_modules_next_dist_1e8vcs8._.js:776
